// Jest Snapshot v1, https://goo.gl/fbAQLP

exports[`Animal Service When a request to add an animal is made Animal registered 1`] = `
Object {
  "breed": "Bengali",
  "gender": "Male",
  "name": "Joy",
  "vaccinated": true,
}
`;
