// Jest Snapshot v1, https://goo.gl/fbAQLP

exports[`Animal Service When a request to edit an animal is made Animal edited 1`] = `
Object {
  "breed": "Bengali",
  "gender": "Female",
  "name": "Joy",
  "vaccinated": true,
}
`;
