// Jest Snapshot v1, https://goo.gl/fbAQLP

exports[`Animal Service When a request to list an animal is made should return the correct data 1`] = `
Array [
  Object {
    "breed": "Criollo",
    "gender": "Male",
    "name": "Joy",
    "vaccinated": true,
  },
]
`;
